// Jest Snapshot v1, https://goo.gl/fbAQLP

exports[`Pruebas en <GifItem /> Debe matchear la snapshot 1`] = `
<div>
  <button
    class="flex flex-col content-center items-center justify-center overflow-hidden rounded-xl bg-white shadow-md md:w-2/5 lg:w-1/4"
  >
    <img
      alt="Un título"
      src="https://localhost/ejemplo.jpg"
    />
    <p
      class="m-4 bg-white text-center text-lg"
    >
      Un título
    </p>
  </button>
</div>
`;
